// Jest Snapshot v1, https://goo.gl/fbAQLP

exports[`App match snapshot 1`] = `
<div
  className="App"
>
  <div
    className="Main"
  >
    <header
      className="Header"
    >
      Let's Order Cookies
    </header>
    <h2
      className="Standard-text"
    >
      It is 
      03:05:05
      .
    </h2>
    <div>
      <h1
        className="Label"
      >
        Ordered: 
        0
         
        boxes
      </h1>
      <div
        className="Wrapper"
      >
        <div
          className="OrderFormWrapper"
        >
          <form
            onSubmit={[Function]}
          >
            <label>
              Name:
              <input
                name="name"
                onChange={[Function]}
                type="text"
                value={undefined}
              />
            </label>
            <br />
            <label>
              Address:
              <input
                name="address"
                onChange={[Function]}
                type="text"
                value={undefined}
              />
            </label>
            <br />
            <input
              className="Button"
              type="submit"
              value="Submit"
            />
          </form>
          <div>
            <div
              className="OrderOption"
            >
              <label
                className="OrderLabel"
              >
                Apple
              </label>
              <button
                className="Button"
                onClick={[Function]}
              >
                Order
              </button>
            </div>
            <div
              className="OrderOption"
            >
              <label
                className="OrderLabel"
              >
                Chocolate Chip
              </label>
              <button
                className="Button"
                onClick={[Function]}
              >
                Order
              </button>
            </div>
            <div
              className="OrderOption"
            >
              <label
                className="OrderLabel"
              >
                Lemon Barley
              </label>
              <button
                className="Button"
                onClick={[Function]}
              >
                Order
              </button>
            </div>
            <div
              className="OrderOption"
            >
              <label
                className="OrderLabel"
              >
                Oatmeal
              </label>
              <button
                className="Button"
                onClick={[Function]}
              >
                Order
              </button>
            </div>
          </div>
        </div>
        <div />
      </div>
    </div>
  </div>
  <footer
    className="Footer"
  >
    © 
    2018
  </footer>
</div>
`;
